
> angular@0.0.0 start
> ng serve --host 0.0.0.0  --no-hmr --disable-host-check --port 3000

Warning: Running a server with --disable-host-check is a security risk. See https://medium.com/webpack/webpack-dev-server-middleware-security-issues-1489d950874a for more information.
The "disableHostCheck" option will not be used because it is not supported by the "@angular-devkit/build-angular:application" builder.
❯ Building...
✔ Building...
Browser bundles     
Initial chunk files  | Names                    |  Raw size
polyfills.js         | polyfills                |  90.20 kB | 
main.js              | main                     |  11.04 kB | 
styles.css           | styles                   |   1.14 kB | 
chunk-YQOESBWP.js    | -                        | 754 bytes | 

                     | Initial total            | 103.13 kB

Lazy chunk files     | Names                    |  Raw size
chunk-FFKYWCYK.js    | recipe-list-component    |  11.56 kB | 
chunk-7IODNG2X.js    | recipe-form-component    |  10.67 kB | 
chunk-Y5TZUNJU.js    | recipe-detail-component  |   7.12 kB | 
chunk-CP7MJW66.js    | register-component       |   5.88 kB | 
chunk-IHMVKLMO.js    | login-component          |   5.47 kB | 
chunk-Z3VGXBAU.js    | profile-component        |   2.67 kB | 
chunk-RVYXDJ7P.js    | page-not-found-component |   1.64 kB | 


Server bundles      
Initial chunk files  | Names                    |  Raw size
polyfills.server.mjs | polyfills.server         | 572.91 kB | 
chunk-5JEMKXT4.mjs   | -                        |  11.47 kB | 
server.mjs           | server                   |   1.42 kB | 
main.server.mjs      | main.server              | 831 bytes | 
chunk-FFILDKJJ.mjs   | -                        | 788 bytes | 

Lazy chunk files     | Names                    |  Raw size
chunk-GG6IRKNF.mjs   | recipe-list-component    |  11.60 kB | 
chunk-U7JSDFLJ.mjs   | recipe-form-component    |  10.70 kB | 
chunk-7ACAWCXB.mjs   | recipe-detail-component  |   7.15 kB | 
chunk-BQ4SYOFG.mjs   | register-component       |   5.91 kB | 
chunk-EIMUQTPO.mjs   | login-component          |   5.50 kB | 
chunk-FALBHAQ3.mjs   | profile-component        |   2.71 kB | 
chunk-2ZMKJRJY.mjs   | page-not-found-component |   1.68 kB | 

Application bundle generation complete. [2.803 seconds]

Watch mode enabled. Watching for file changes...
NOTE: Raw file sizes do not reflect development server per-request transformations.
10:15:41 AM [vite] (client) Re-optimizing dependencies because vite config has changed
10:15:41 AM [vite] (ssr) Re-optimizing dependencies because vite config has changed
  ➜  Local:   http://localhost:3000/
  ➜  Network: http://172.17.0.2:3000/
